2c2
< PWD=$(shell pwd)
---
> PWD=$(shell pwd -P)
26c26
< PWD      := $(shell pwd)
---
> PWD      := $(shell pwd -P)
33c33
< $(warning (INFO) The ADCIRC version is $(shell ../scripts/adcirc_version.py --tag --create-version-file --directory $(SRCDIR)))
---
> $(warning (INFO) The ADCIRC version is $(shell ../scripts/adcircVersion.sh $(SRCDIR)))
36c36
< include ../thirdparty/swan/macros.inc
---
> include ../swan/macros.inc
113,119c113,119
< ifeq ($(IHM),enable) #IHM T.Shimura
<    PPFC    := $(PPFC) -DC_IHM #adcprep
<    PFC     := $(PFC) -DC_IHM #adcpred
<    FFLAGS1 := $(FFLAGS1) -DC_IHM
<    FFLAGS2 := $(FFLAGS2) -DC_IHM
<    FFLAGS3 := $(FFLAGS3) -DC_IHM
<    FFLAGS4 := $(FFLAGS4) -DC_IHM
---
> ifeq ($(IHM),enable) #T.Shimura
>      PPFC    := $(PPFC) -DC_IHM #adcprep
>      PFC     := $(PFC) -DC_IHM #adcpred
>      FFLAGS1 := $(FFLAGS1) -DC_IHM
>      FFLAGS2 := $(FFLAGS2) -DC_IHM
>      FFLAGS3 := $(FFLAGS3) -DC_IHM
>      FFLAGS4 := $(FFLAGS4) -DC_IHM
126c126,127
<   O_DIR:=$(SRCDIR)/work/odir1/
---
>   #O_DIR:=$(SRCDIR)/work/odir1/
>   O_DIR:=$(PWD)/odir1/
128c129
<   VPATH := $(SRCDIR)/prep:$(SRCDIR)/thirdparty/KDTREE2:$(SRCDIR):$(SRCDIR)/src:$(SRCDIR)/wind
---
>   VPATH :=  $(SRCDIR)/prep:$(SRCDIR)/KDTREE2:$(SRCDIR):$(SRCDIR)/src:$(SRCDIR)/wind
133c134
<     LIBS  := -Lodir_metis -lmetis -L$(NETCDFHOME)/lib -lnetcdf -lnetcdff $(FLIBS)
---
>     LIBS  := -Lodir_metis -lmetis -L$(NETCDFHOME)/lib -lnetcdf $(FLIBS)
142c143,144
<   O_DIR:=$(SRCDIR)/work/odir2/
---
>   #O_DIR:=$(SRCDIR)/work/odir2/
>   O_DIR:=$(PWD)/odir2/
144c146
<   VPATH := $(SRCDIR)/prep:$(SRCDIR)/thirdparty/KDTREE2:$(SRCDIR)/src:$(SRCDIR):$(SRCDIR)/wind
---
>   VPATH :=  $(SRCDIR)/prep:$(SRCDIR)/KDTREE2:$(SRCDIR)/src:$(SRCDIR):$(SRCDIR)/wind
149c151
<     LIBS  := -Lodir_metis -lmetis -L$(NETCDFHOME)/lib -lnetcdf -lnetcdff $(FLIBS)
---
>     LIBS  := -Lodir_metis -lmetis -L$(NETCDFHOME)/lib -lnetcdf $(FLIBS)
158c160,161
<   O_DIR:=$(SRCDIR)/work/odir3/
---
>   #O_DIR:=$(SRCDIR)/work/odir3/
>   O_DIR:=$(PWD)/odir3/
160c163
<   VPATH:= $(SRCDIR)/src:$(SRCDIR)/thirdparty/KDTREE2:$(SRCDIR)/wind:$(SRCDIR):$(SRCDIR)/prep
---
>   VPATH:=  $(SRCDIR)/src:$(SRCDIR)/KDTREE2:$(SRCDIR)/wind:$(SRCDIR):$(SRCDIR)/prep
165c168
<     LIBS  := -L$(NETCDFHOME)/lib -lnetcdf -lnetcdff $(FLIBS)
---
>     LIBS  := -L$(NETCDFHOME)/lib -lnetcdf $(FLIBS)
174c177,178
<   O_DIR:=$(SRCDIR)/work/odir33/
---
>   #O_DIR:=$(SRCDIR)/work/odir33/
>   O_DIR:=$(PWD)/odir33/
176c180
<   VPATH:= $(SRCDIR)/src:$(SRCDIR)/thirdparty/KDTREE2:$(SRCDIR)/wind:$(SRCDIR):$(SRCDIR)/prep:$(SRCDIR)/thirdparty/swan
---
>   VPATH:=  $(SRCDIR)/src:$(SRCDIR)/KDTREE2:$(SRCDIR)/wind:$(SRCDIR):$(SRCDIR)/prep:$(SRCDIR)/swan
181c185
<     LIBS  := -L$(NETCDFHOME)/lib -lnetcdf -lnetcdff $(FLIBS)
---
>     LIBS  := -L$(NETCDFHOME)/lib -lnetcdf $(FLIBS)
188c192
<         $(shell rm -f ../thirdparty/swan/*.f90 ../thirdparty/swan/*.f ../thirdparty/swan/*.for)
---
>         $(shell rm -f ../swan/*.f90 ../swan/*.f ../swan/*.for)
192c196
<   $(shell perl ../thirdparty/swan/switch.pl $(swch) -adcirc ../thirdparty/swan/*.ftn ../thirdparty/swan/*.ftn90)
---
>   $(shell perl ../swan/switch.pl $(swch) -adcirc ../swan/*.ftn ../swan/*.ftn90)
197c201,202
<   O_DIR:=$(SRCDIR)/work/odir4/
---
>   #O_DIR:=$(SRCDIR)/work/odir4/
>   O_DIR:=$(PWD)/odir4/
199c204
<   VPATH := $(SRCDIR)/src:$(SRCDIR)/thirdparty/KDTREE2:$(SRCDIR)/wind:$(SRCDIR):$(SRCDIR)/prep
---
>   VPATH :=  $(SRCDIR)/src:$(SRCDIR)/KDTREE2:$(SRCDIR)/wind:$(SRCDIR):$(SRCDIR)/prep
204c209
<     LIBS  := -L$(NETCDFHOME)/lib -lnetcdf -lnetcdff $(FLIBS)
---
>     LIBS  := -L$(NETCDFHOME)/lib -lnetcdf $(FLIBS)
213c218,219
<   O_DIR:=$(SRCDIR)/work/odir44/
---
>   #O_DIR:=$(SRCDIR)/work/odir44/
>   O_DIR:=$(PWD)/odir44/
215c221
<   VPATH := $(SRCDIR)/src:$(SRCDIR)/thirdparty/KDTREE2:$(SRCDIR)/wind:$(SRCDIR):$(SRCDIR)/prep:$(SRCDIR)/thirdparty/swan
---
>   VPATH :=  $(SRCDIR)/src:$(SRCDIR)/KDTREE2:$(SRCDIR)/wind:$(SRCDIR):$(SRCDIR)/prep:$(SRCDIR)/swan
220c226
<     LIBS  := -L$(NETCDFHOME)/lib -lnetcdf -lnetcdff $(FLIBS)
---
>     LIBS  := -L$(NETCDFHOME)/lib -lnetcdf $(FLIBS)
228c234
<         $(shell rm -f ../thirdparty/swan/*.f90 ../thirdparty/swan/*.f ../thirdparty/swan/*.for)
---
>         $(shell rm -f ../swan/*.f90 ../swan/*.f ../swan/*.for)
232c238
<   $(shell perl ../thirdparty/swan/switch.pl $(swch) -pun -adcirc ../thirdparty/swan/*.ftn ../thirdparty/swan/*.ftn90)
---
>   $(shell perl ../swan/switch.pl $(swch) -pun -adcirc ../swan/*.ftn ../swan/*.ftn90)
237c243,244
<   O_DIR:=$(SRCDIR)/work/odircp/
---
>   #O_DIR:=$(SRCDIR)/work/odircp/
>   O_DIR:=$(PWD)/odircp/
239c246
<   VPATH := $(SRCDIR):$(SRCDIR)/src:$(SRCDIR)/thirdparty/KDTREE2:$(SRCDIR)/wind:$(SRCDIR):$(SRCDIR)/prep
---
>   VPATH := $(SRCDIR):$(SRCDIR)/src:$(SRCDIR)/KDTREE2:$(SRCDIR)/wind:$(SRCDIR):$(SRCDIR)/prep
244c251
<     LIBS  := -L$(NETCDFHOME)/lib -lnetcdf -lnetcdff $(FLIBS)
---
>     LIBS  := -L$(NETCDFHOME)/lib -lnetcdf $(FLIBS)
246c253
<   MSG_MOBJ:= $(O_DIR)messenger.o
---
>   MSG_MOBJ:=
251c258,259
<   O_DIR:=$(SRCDIR)/work/odir5/
---
>   #O_DIR:=$(SRCDIR)/work/odir5/
>   O_DIR:=$(PWD)/odir5/
253c261
<   VPATH := $(SRCDIR)/wind
---
>   VPATH :=  $(SRCDIR)/wind
259c267,268
<   O_DIR:=$(SRCDIR)/work/odir6/
---
>   #O_DIR:=$(SRCDIR)/work/odir6/
>   O_DIR:=$(PWD)/odir6/
261c270
<   VPATH := $(SRCDIR)/wind
---
>   VPATH :=  $(SRCDIR)/wind
267c276,277
<   O_DIR:=$(SRCDIR)/work/odir7/
---
>   #O_DIR:=$(SRCDIR)/work/odir7/
>   O_DIR:=$(PWD)/odir7/
269c279
<   VPATH := $(SRCDIR)/util
---
>   VPATH :=  $(SRCDIR)/util
275c285,286
<   O_DIR:=$(SRCDIR)/work/odir8/
---
>   #O_DIR:=$(SRCDIR)/work/odir8/
>   O_DIR:=$(PWD)/odir8/
277c288
<   VPATH := $(SRCDIR)/util
---
>   VPATH :=  $(SRCDIR)/util
283c294,295
<   O_DIR:=$(SRCDIR)/work/odir9/
---
>   #O_DIR:=$(SRCDIR)/work/odir9/
>   O_DIR:=$(PWD)/odir9/
285c297
<   VPATH := $(SRCDIR)/util
---
>   VPATH :=  $(SRCDIR)/util
291c303,304
<   O_DIR:=$(SRCDIR)/work/odir10/
---
>   #O_DIR:=$(SRCDIR)/work/odir10/
>   O_DIR:=$(PWD)/odir10/
293c306
<   VPATH := $(SRCDIR)/util
---
>   VPATH :=  $(SRCDIR)/util
299c312,313
<   O_DIR:=$(SRCDIR)/work/odir11/
---
>   #O_DIR:=$(SRCDIR)/work/odir11/
>   O_DIR:=$(PWD)/odir11/
301c315
<   VPATH := $(SRCDIR)/util
---
>   VPATH :=  $(SRCDIR)/util
307c321,322
<   O_DIR:=$(SRCDIR)/work/odir12/
---
>   #O_DIR:=$(SRCDIR)/work/odir12/
>   O_DIR:=$(PWD)/odir12/
310c325
<     LIBS  := -L$(NETCDFHOME)/lib -lnetcdf -lnetcdff $(FLIBS)
---
>     LIBS  := -L$(NETCDFHOME)/lib -lnetcdf $(FLIBS)
312c327
<   VPATH := $(SRCDIR)/util
---
>   VPATH :=  $(SRCDIR)/util
318c333,334
<   O_DIR:=$(SRCDIR)/work/odir13/
---
>   #O_DIR:=$(SRCDIR)/work/odir13/
>   O_DIR:=$(PWD)/odir13/
320c336
<   VPATH := $(SRCDIR)/prep:$(SRCDIR)/src:$(SRCDIR)/thirdparty/KDTREE2:$(SRCDIR)
---
>   VPATH :=  $(SRCDIR)/prep:$(SRCDIR)/src:$(SRCDIR)/KDTREE2:$(SRCDIR)
325c341,342
<   O_DIR:=$(SRCDIR)/work/odir14/
---
>   #O_DIR:=$(SRCDIR)/work/odir14/
>   O_DIR:=$(PWD)/odir14/
327c344
<   VPATH := $(SRCDIR)/src:$(SRCDIR)/thirdparty/KDTREE2:$(SRCDIR)/wind:$(SRCDIR):$(SRCDIR)/prep
---
>   VPATH := $(SRCDIR)/src:$(SRCDIR)/KDTREE2:$(SRCDIR)/wind:$(SRCDIR):$(SRCDIR)/prep
332c349
<     LIBS  := -L$(NETCDFHOME)/lib -lnetcdf -lnetcdff $(FLIBS)
---
>     LIBS  := -L$(NETCDFHOME)/lib -lnetcdf $(FLIBS)
339c356,357
<   O_DIR:=$(SRCDIR)/work/odir17/
---
>   #O_DIR:=$(SRCDIR)/work/odir17/
>   O_DIR:=$(PWD)/odir17/
341c359
<   VPATH := $(SRCDIR)/util
---
>   VPATH :=  $(SRCDIR)/util
363c381
< ADC_MSRC   =  version.F sizes.F constants.F global.F
---
> ADC_MSRC   =  version.F sizes.F global.F 
367,371d384
< VW1D_MSRC  =  vew1d.F
< 
< ifeq ($(NETCDF),enable)
< WIND_MSRC  =  wind.F owiwind.F rs2.F owi_ice.F owiwind_netcdf.F
< else
373,374d385
< endif
< 
377d387
< SG_MSRC    =  subgridLookup.F
379d388
< NCE_MSRC   =  netcdf_error.F90
383c392,396
< WRITER_MSRC = writer.F 
---
> IHM_DATA_MSRC = IHM_data.F90 # K.Goto
> IHM_UT_MSRC = IHM_ut.F90 # K.Goto
> IHM_SUBS_MSRC = IHM_subs.F90 # K.Goto
> IHM_ADCIRC_MSRC = IHM_ADCIRC.F90 # K.Goto
> IHM_ADCIRC_RRI_MSRC = IHM_ADCIRC_RRI.F90 # K.Goto
390c403
< SPG_MSRC = quadrature.F sponge_layer.F
---
> SPG_MSRC = quadtrature.F sponge_layer.F
393,395d405
< # CPB baroclinic internal tide updates
< GL2LOC_MSRC = gl2loc_mapping.F
< ITTIDE_MSRC = internaltide.F
407a418,422
> IHM_DATA_MOBJ:= $(patsubst %.F90, $(O_DIR)%.o, $(IHM_DATA_MSRC) ) #K.Goto
> IHM_UT_MOBJ:= $(patsubst %.F90, $(O_DIR)%.o, $(IHM_UT_MSRC) )     #K.Goto
> IHM_SUBS_MOBJ:= $(patsubst %.F90, $(O_DIR)%.o, $(IHM_SUBS_MSRC) ) #K.Goto
> IHM_ADCIRC_MOBJ:= $(patsubst %.F90, $(O_DIR)%.o, $(IHM_ADCIRC_MSRC) ) #K.Goto
> IHM_ADCIRC_RRI_MOBJ:= $(patsubst %.F90, $(O_DIR)%.o, $(IHM_ADCIRC_RRI_MSRC) ) #K.Goto
417d431
< VW1D_MOBJ := $(patsubst %.F, $(O_DIR)%.o, $(VW1D_MSRC)  )
420d433
< SG_MOBJ  := $(patsubst %.F, $(O_DIR)%.o, $(SG_MSRC)  )
422d434
< NCE_MOBJ  := $(patsubst %.F90, $(O_DIR)%.o, $(NCE_MSRC)  )
430,431c442
< WRITER_MOBJ := $(patsubst %.F, $(O_DIR)%.o, $(WRITER_MSRC) )
< # WJP
---
> ## WJP
433,435c444
< # CPB
< GL2LOC_MOBJ :=  $(patsubst %.F, $(O_DIR)%.o, $(GL2LOC_MSRC) )
< ITTIDE_MOBJ :=  $(patsubst %.F, $(O_DIR)%.o, $(ITTIDE_MSRC) )
---
> 
442c451
< ADC_SRC    =  adcirc.F weir_boundary.F wetdry.F read_input.F cstart.F hstart.F gwce.F momentum.F vew1d.F timestep.F vsmy.F transport.F
---
> ADC_SRC    =  adcirc.F weir_boundary.F wetdry.F read_input.F cstart.F hstart.F gwce.F momentum.F timestep.F vsmy.F transport.F
475c484
< SwanGriddata.f90 SwanGridobjects.f90 SwanCompdata.f90 SdsBabanin.f90 \
---
> SwanGriddata.f90 SwanGridobjects.f90 SwanCompdata.f90 \
481,482c490
< SWAN_SRC   = SwanQCM.f90 SwanIEM.f90 SwanBraggScat.f90 swanmain.f swanpre1.f fftpack51.f90 swanpre2.f \
< swancom1.f swancom2.f swancom3.f swancom4.f \
---
> SWAN_SRC   = swanmain.f swanpre1.f swanpre2.f swancom1.f swancom2.f swancom3.f swancom4.f \
490c498
< SwanGradVel.f90 SwanInterpolatePoint.f90 \
---
> SwanInterpolatePoint.f90 \
496c504
< ocpids.f ocpcre.f ocpmix.f SwanVTKWriteHeader.f90 SwanVTKWriteData.f90 SwanVTKPDataSets.f90
---
> ocpids.f ocpcre.f ocpmix.f
507,511c515
< #	if [ "`echo *.mod`" != '*.mod' ]; then mv *.mod $(O_DIR); fi
< 
< # T.Shimura
< $(O_DIR)%.o  : %.F90
< 	$(CF) -c $(FFLAGS) -o $@  $<
---
> #	if [ "`echo *.mod`" != '*.mod' ]; then mv *.mod $(O_DIR); fi 
512a517
> #T.Shimura
515d519
< 	if [ "`echo *.mod`" != '*.mod' ]; then mv *.mod $(O_DIR); fi
520c524
< 	if [ "`echo *.mod`" != '*.mod' ]; then mv *.mod $(O_DIR); fi
---
> #	if [ "`echo *.mod`" != '*.mod' ]; then mv *.mod $(O_DIR); fi 
523c527
< 	if [ "`echo *.mod`" != '*.mod' ]; then mv *.mod $(O_DIR); fi
---
> #	if [ "`echo *.mod`" != '*.mod' ]; then mv *.mod $(O_DIR); fi 
537c541
< 	$(MAKE) -C $(SRCDIR)/thirdparty/metis/Lib/ CC="$(CC)" CFLAGS="$(CFLAGS)" O_DIR="$(CURDIR)/odir_metis/" LIBMETIS="$(CURDIR)/odir_metis/libmetis.a" ARFLAGS="$(ARFLAGS)"
---
> 	$(MAKE) -C $(SRCDIR)/metis/Lib/ CC="$(CC)" CFLAGS="$(CFLAGS)" O_DIR="$(CURDIR)/odir_metis/" LIBMETIS="$(CURDIR)/odir_metis/libmetis.a" ARFLAGS="$(ARFLAGS)"
539c543
< 	$(MAKE) -C $(SRCDIR)/thirdparty/metis/Lib/ CC="$(CCBE)" CFLAGS="$(CFLAGS)" O_DIR="$(CURDIR)/odir_metis_be/" LIBMETIS="$(CURDIR)/odir_metis_be/libmetis_be.a" ARFLAGS="$(ARFLAGS)"
---
> 	$(MAKE) -C $(SRCDIR)/metis/Lib/ CC="$(CCBE)" CFLAGS="$(CFLAGS)" O_DIR="$(CURDIR)/odir_metis_be/" LIBMETIS="$(CURDIR)/odir_metis_be/libmetis_be.a" ARFLAGS="$(ARFLAGS)"
554c558
< 	@perl ../thirdparty/swan/switch.pl $(swch) -pun -adcirc ../thirdparty/swan/*.ftn ../thirdparty/swan/*.ftn90
---
> 	@perl ../swan/switch.pl $(swch) -pun -adcirc ../swan/*.ftn ../swan/*.ftn90
615,616c619,620
< ADCIRC_DEP := $(ADC_MOBJ) $(HAS_MOBJ) $(MESH_MOBJ) $(GL2LOC_MOBJ) $(ITTIDE_MOBJ) $(NA_MOBJ) $(KDTREE_MOBJ) $(SPG_MOBJ) $(BC3D_MOBJ) $(WIND_MOBJ) $(ADC_OBJ) $(O_DIR)driver.o
< ADCSWAN_DEP := $(ADC_MOBJ) $(HAS_MOBJ) $(MESH_MOBJ) $(GL2LOC_MOBJ) $(ITTIDE_MOBJ) $(NA_MOBJ) $(SWAN_MOBJ) $(KDTREE_MOBJ) $(SPG_MOBJ) $(BC3D_MOBJ) $(WIND_MOBJ) $(ADC_OBJ) $(SWAN_OBJ) $(O_DIR)driver.o
---
> ADCIRC_DEP := $(NA_MOBJ) $(KDTREE_MOBJ) $(SPG_MOBJ) $(BC3D_MOBJ) $(WIND_MOBJ) $(ADC_OBJ) $(O_DIR)driver.o
> ADCSWAN_DEP := $(NA_MOBJ) $(SWAN_MOBJ) $(KDTREE_MOBJ) $(SPG_MOBJ) $(BC3D_MOBJ) $(WIND_MOBJ) $(ADC_OBJ) $(SWAN_OBJ) $(O_DIR)driver.o
625d628
< 
629c632
<    $(PARALLEL_ADCIRC) :: $(ADC_MOBJ) $(HASH_MOBJ) $(MESH_MOBJ) $(GL2LOC_MOBJ) $(ITTIDE_MOBJ) $(NA_MOBJ) $(MSG_MOBJ) $(KDTREE_MOBJ) $(SPG_MOBJ) $(BC3D_MOBJ) $(WIND_MOBJ) $(ADC_OBJ) $(O_DIR)driver.o
---
>    $(PARALLEL_ADCIRC) :: $(NA_MOBJ) $(MSG_MOBJ) $(KDTREE_MOBJ) $(SPG_MOBJ) $(BC3D_MOBJ) $(WIND_MOBJ) $(ADC_OBJ) $(O_DIR)driver.o
632,646c635,636
< ifeq ($(NETCDF),enable)
<    $(LIBADC) :: $(O_DIR) $(ADC_MOBJ) $(HASH_MOBJ) $(MESH_MOBJ) $(GL2LOC_MOBJ) $(ITTIDE_MOBJ) $(NA_MOBJ) $(MSG_MOBJ) \
< 	        $(KDTREE_MOBJ) $(SPG_MOBJ) $(BC3D_MOBJ) $(WIND_MOBJ) $(GIO_MOBJ) $(AGIO_MOBJ) $(ADC_OBJ)
< 	ar $(ARFLAGS) $@  $(ADC_MOBJ) $(3D_MOBJ) $(MSG_MOBJ) $(HASH_MOBJ) $(MESH_MOBJ) $(GL2LOC_MOBJ) $(ITTIDE_MOBJ) \
< 	         $(NA_MOBJ) $(GIO_MOBJ) $(AGIO_MOBJ) $(KDTREE_MOBJ) \
<                  $(SPG_MOBJ) $(BC3D_MOBJ) $(WIND_MOBJ) $(BND_MOBJ) $(HARM_MOBJ) $(WRIT_MOBJ) \
<                  $(WRITER_MOBJ) $(SUBD_MOBJ) $(NC_MOBJ) $(VORT_MOBJ) $(SOLV_MOBJ) $(ADC_OBJ) 
< 	ar -ts $@
< else
<    $(LIBADC) :: $(O_DIR) $(ADC_MOBJ) $(HASH_MOBJ) $(MESH_MOBJ) $(GL2LOC_MOBJ) $(ITTIDE_MOBJ) $(NA_MOBJ) $(MSG_MOBJ) \
< 	        $(KDTREE_MOBJ) $(SPG_MOBJ) $(BC3D_MOBJ) $(WIND_MOBJ) $(GIO_MOBJ) $(AGIO_MOBJ) $(ADC_OBJ)
< 	ar $(ARFLAGS) $@  $(ADC_MOBJ) $(3D_MOBJ) $(MSG_MOBJ) $(HASH_MOBJ) $(MESH_MOBJ) $(GL2LOC_MOBJ) $(ITTIDE_MOBJ) \
< 	         $(NA_MOBJ) $(GIO_MOBJ) $(AGIO_MOBJ) $(KDTREE_MOBJ) \
<                  $(SPG_MOBJ) $(BC3D_MOBJ) $(WIND_MOBJ) $(BND_MOBJ) $(HARM_MOBJ) $(WRIT_MOBJ) \
<                  $(WRITER_MOBJ) $(SUBD_MOBJ) $(VORT_MOBJ) $(SOLV_MOBJ) $(ADC_OBJ) 
---
>    $(LIBADC) :: $(O_DIR) $(NA_MOBJ) $(MSG_MOBJ) $(KDTREE_MOBJ) $(SPG_MOBJ) $(BC3D_MOBJ) $(WIND_MOBJ) $(ADC_MOBJ) $(GIO_MOBJ) $(AGIO_MOBJ) $(ADC_OBJ)
> 	ar $(ARFLAGS) $@  $(ADC_MOBJ) $(MSG_MOBJ) $(NA_MOBJ) $(GIO_MOBJ) $(AGIO_MOBJ) $(KDTREE_MOBJ) $(ADC_OBJ)
648d637
< endif
654c643
< 	if [ "`echo *.mod`" != '*.mod' ]; then mv *.mod $(O_DIR); fi
---
> #	if [ "`echo *.mod`" != '*.mod' ]; then mv *.mod $(O_DIR); fi
657c646
<    padcswan :: $(NA_MOBJ) $(ADC_MOBJ) $(HASH_MOBJ) $(MESH_MOBJ) $(GL2LOC_MOBJ) $(ITTIDE_MOBJ) $(MSG_MOBJ) $(SWAN_MOBJ) $(KDTREE_MOBJ) $(SPG_MOBJ) $(BC3D_MOBJ) $(WIND_MOBJ) $(ADC_OBJ) $(SWAN_OBJ) $(O_DIR)driver.o
---
>    padcswan :: $(NA_MOBJ) $(MSG_MOBJ) $(SWAN_MOBJ) $(KDTREE_MOBJ) $(SPG_MOBJ) $(BC3D_MOBJ) $(WIND_MOBJ) $(ADC_OBJ) $(SWAN_OBJ) $(O_DIR)driver.o
659c648
< 	if [ "`echo *.mod`" != '*.mod' ]; then mv *.mod $(O_DIR); fi
---
> #	if [ "`echo *.mod`" != '*.mod' ]; then mv *.mod $(O_DIR); fi
696c685
< 	$(CF) $(FFLAGS) -o $@ $(ADC_MOBJ) $(HAS_MOBJ) $(MESH_MOBJ) $(GL2LOC_MOBJ) $(ITTIDE_MOBJ) $(WIND_MOBJ) $(NCE_MOBJ) $(NA_MOBJ) $(SG_MOBJ) $(PREC_MOBJ) $(CONS_MOBJ) $(VORT_MOBJ) $(LSQ_MOBJ) $(FITP_MOBJ) $(ASW_OBJ) $(KDTREE_MOBJ) $(HASH_MOBJ) $(BND_MOBJ) $(LIBS) $(LDFLAGS)
---
> 	$(CF) $(FFLAGS) -o $@ $(ADC_MOBJ) $(WIND_MOBJ) $(NA_MOBJ) $(PREC_MOBJ) $(CONS_MOBJ) $(VORT_MOBJ) $(LSQ_MOBJ) $(FITP_MOBJ) $(ASW_OBJ) $(KDTREE_MOBJ) $(MESH_MOBJ) $(HASH_MOBJ) $(BND_MOBJ) $(LIBS) $(LDFLAGS)
707,713c696,699
< 	rm -f *.o odir*/*.o  *.mod odir*/*.mod actualflags.txt
< 	rm -f  ../thirdparty/swan/*.f ../thirdparty/swan/*.for ../thirdparty/swan/*.f90 .swanlastcompile
< 	rm -f ../thirdparty/nuopc/*.o ../thirdparty/nuopc/*.mod
< 	rm -f ../util/estofs_tide_fac/estofs_tide_fac
< 
< clobber: clean
< 	rm -r -f odir* util*
---
> 	rm -f odir*/*.o  odir*/*.mod sizes.o ./*.mod
> 	rm -f  ../swan/*.f ../swan/*.for ../swan/*.f90
> clobber:
> 	rm -r -f odir*
715,716c701,702
< 	      build12 buildstwave23 hot2asc inflate hstime constants.o sizes.o adcpost adccmp libadc.a
< 
---
>            build12 buildstwave23 hot2asc inflate hstime sizes.o adcpost adccmp libadc.a
> 	rm -f  ../swan/*.f ../swan/*.for ../swan/*.f90 .swanlastcompile
786,789c772
< $(O_DIR)constants.o   :  constants.F $(O_DIR)sizes.o
< $(O_DIR)global.o      :  global.F  $(O_DIR)sizes.o $(O_DIR)constants.o $(O_DIR)kdtree2.o
< $(O_DIR)internaltide.o : internaltide.F $(O_DIR)sizes.o $(O_DIR)global.o
< $(O_DIR)gl2loc_mapping.o : gl2loc_mapping.F $(O_DIR)sizes.o $(O_DIR)global.o
---
> $(O_DIR)global.o      :  global.F  $(O_DIR)sizes.o $(O_DIR)kdtree2.o
792c775
< $(O_DIR)nodalattr.o   :  nodalattr.F  $(O_DIR)sizes.o $(O_DIR)global.o $(O_DIR)mesh.o $(O_DIR)hashtable.o $(O_DIR)messenger.o $(O_DIR)internaltide.o $(O_DIR)netcdf_error.o $(O_DIR)subgridLookup.o
---
> $(O_DIR)nodalattr.o   :  nodalattr.F  $(O_DIR)sizes.o $(O_DIR)global.o $(O_DIR)mesh.o $(O_DIR)hashtable.o $(O_DIR)messenger.o
794c777
< $(O_DIR)nodalattr.o   :  nodalattr.F  $(O_DIR)sizes.o $(O_DIR)global.o $(O_DIR)mesh.o $(O_DIR)hashtable.o $(O_DIR)internaltide.o $(O_DIR)netcdf_error.o $(O_DIR)subgridLookup.o
---
> $(O_DIR)nodalattr.o   :  nodalattr.F  $(O_DIR)sizes.o $(O_DIR)global.o $(O_DIR)mesh.o $(O_DIR)hashtable.o
797,798c780,781
< $(O_DIR)gwce.o        :  gwce.F $(O_DIR)itpackv.o $(O_DIR)nodalattr.o $(O_DIR)vew1d.o $(O_DIR)sponge_layer.o $(O_DIR)subdomain.o $(O_DIR)momentum.o
< $(O_DIR)momentum.o    :  momentum.F $(O_DIR)vew1d.o $(O_DIR)subdomain.o
---
> $(O_DIR)gwce.o        :  gwce.F $(O_DIR)itpackv.o $(O_DIR)nodalattr.o $(O_DIR)subdomain.o $(O_DIR)momentum.o
> $(O_DIR)momentum.o    :  momentum.F $(O_DIR)subdomain.o
812c795
< $(O_DIR)wind.o        :  wind.F  $(VORT_MOBJ) $(MESH_MOBJ) $(HASH_MOBJ) $(NA_MOBJ) $(GL2LOC_MOBJ) $(WIND_MOBJ)
---
> $(O_DIR)wind.o        :  wind.F  $(VORT_MOBJ) $(MESH_MOBJ) $(HASH_MOBJ) $(NA_MOBJ) $(WIND_MOBJ)
814d796
< $(O_DIR)owiwind_netcdf.o : owiwind_netcdf.F
823d804
< 
836,837c817,818
<    WRITE_OUTPUT_DEP := write_output.F $(O_DIR)mesh.o $(O_DIR)global.o $(O_DIR)boundaries.o $(O_DIR)writer.o
<    WRITE_OUTPUT_IHM_DEP := write_output_IHM.F90 $(O_DIR)mesh.o $(O_DIR)global.o $(O_DIR)boundaries.o $(O_DIR)writer.o $(O_DIR)kdtree2.o #T.Shimura
---
> WRITE_OUTPUT_DEP := write_output.F $(O_DIR)mesh.o $(O_DIR)global.o $(O_DIR)boundaries.o $(O_DIR)writer.o
> WRITE_OUTPUT_IHM_DEP := write_output_IHM.F90 $(O_DIR)mesh.o $(O_DIR)global.o $(O_DIR)boundaries.o $(O_DIR)writer.o $(O_DIR)kdtree2.o #T.Shimura
839,840c820,821
<    WRITE_OUTPUT_DEP := write_output.F $(O_DIR)mesh.o $(O_DIR)global.o $(O_DIR)boundaries.o
<    WRITE_OUTPUT_IHM_DEP := write_output_IHM.F90 $(O_DIR)write_output.o $(O_DIR)mesh.o $(O_DIR)global.o $(O_DIR)boundaries.o $(O_DIR)kdtree2.o #T.Shimura
---
> WRITE_OUTPUT_DEP := write_output.F $(O_DIR)mesh.o $(O_DIR)global.o $(O_DIR)boundaries.o
> WRITE_OUTPUT_IHM_DEP := write_output_IHM.F90 $(O_DIR)write_output.o $(O_DIR)mesh.o $(O_DIR)global.o $(O_DIR)boundaries.o $(O_DIR)kdtree2.o #T.Shimura
844c825
<    WRITE_OUTPUT_IHM_DEP := $(WRITE_OUTPUT_IHM_DEP) $(O_DIR)netcdfio.o #T.Shimura		
---
>    WRITE_OUTPUT_IHM_DEP := $(WRITE_OUTPUT_IHM_DEP) $(O_DIR)netcdfio.o #T.Shimura
848c829
<    WRITE_OUTPUT_IHM_DEP := $(WRITE_OUTPUT_DEP) $(O_DIR)xdmfio.o #T.Shimura
---
>    WRITE_OUTPUT_IHM_DEP := $(WRITE_OUTPUT_IHM_DEP) $(O_DIR)xdmfio.o #T.Shimura
851c832,840
< $(O_DIR)write_output_IHM.o : $(WRITE_OUTPUT_IHM_DEP) #T.Shimura
---
> 
> # IHM
> $(O_DIR)IHM_data.o   : IHM_data.F90
> $(O_DIR)IHM_ut.o     : IHM_ut.F90 $(O_DIR)IHM_data.o
> $(O_DIR)IHM_subs.o   : IHM_subs.F90 $(O_DIR)IHM_data.o $(O_DIR)IHM_ut.o $(O_DIR)IHM_ADCIRC.o
> $(O_DIR)IHM_ADCIRC.o : IHM_ADCIRC.F90 $(O_DIR)IHM_data.o $(O_DIR)IHM_ut.o $(O_DIR)IHM_ADCIRC_RRI.o
> $(O_DIR)IHM_ADCIRC_RRI.o : IHM_ADCIRC_RRI.F90 $(O_DIR)IHM_data.o $(O_DIR)IHM_ut.o $(O_DIR)write_output_IHM.o
> $(O_DIR)write_output_IHM.o : $(WRITE_OUTPUT_IHM_DEP) $(O_DIR)IHM_data.o $(O_DIR)IHM_ut.o
> 
863,864c852
< $(O_DIR)sponge_layer.o : sponge_layer.F $(O_DIR)quadrature.o $(ADC_MOBJ)
< $(O_DIR)quadrature.o : quadrature.F
---
> $(O_DIR)sponge_layer.o : sponge_layer.F $(ADC_MOBJ) $(SOLV_MOBJ)
876,877c864
< #$(O_DIR)adcirc.o      : adcirc.F $(ADC_MOBJ) $(HARM_MOBJ) $(KDTREE_MOBJ) $(GWCE_MOBJ) $(MOM_MOBJ) $(WIND_MOBJ)  $(SOLV_MOBJ) $(NA_MOBJ) $(GIO_MOBJ) $(NC_MOBJ) $(COUP_MOBJ) $(WRIT_MOBJ)
< $(O_DIR)adcirc.o       : adcirc.F $(ADC_MOBJ) $(HARM_MOBJ) $(KDTREE_MOBJ) $(GWCE_MOBJ) $(MOM_MOBJ) $(WIND_MOBJ)  $(SOLV_MOBJ) $(NA_MOBJ) $(GIO_MOBJ) $(NC_MOBJ) $(COUP_MOBJ) $(WRIT_MOBJ) $(WRIT_IHM_MOBJ) #T.Shimura
---
> $(O_DIR)adcirc.o      : adcirc.F $(ADC_MOBJ) $(HARM_MOBJ) $(KDTREE_MOBJ) $(GWCE_MOBJ) $(MOM_MOBJ) $(WIND_MOBJ)  $(SOLV_MOBJ) $(NA_MOBJ) $(GIO_MOBJ) $(NC_MOBJ) $(COUP_MOBJ) $(WRIT_MOBJ) $(WRIT_IHM_MOBJ) $(IHM_SUBS_MOBJ) #T.Shmura
879,880c866
< #$(O_DIR)adcirc.o      : adcirc.F $(ADC_MOBJ) $(HARM_MOBJ) $(KDTREE_MOBJ) $(GWCE_MOBJ) $(MOM_MOBJ) $(WIND_MOBJ) $(SOLV_MOBJ) $(NA_MOBJ) $(GIO_MOBJ) $(COUP_MOBJ) $(WRIT_MOBJ)
< $(O_DIR)adcirc.o       : adcirc.F $(ADC_MOBJ) $(HARM_MOBJ) $(KDTREE_MOBJ) $(GWCE_MOBJ) $(MOM_MOBJ) $(WIND_MOBJ) $(SOLV_MOBJ) $(NA_MOBJ) $(GIO_MOBJ) $(COUP_MOBJ) $(WRIT_MOBJ) $(WRT_IHM_MOBJ) #T.Shimura
---
> $(O_DIR)adcirc.o      : adcirc.F $(ADC_MOBJ) $(HARM_MOBJ) $(KDTREE_MOBJ) $(GWCE_MOBJ) $(MOM_MOBJ) $(WIND_MOBJ) $(SOLV_MOBJ) $(NA_MOBJ) $(GIO_MOBJ) $(COUP_MOBJ) $(WRIT_MOBJ) $(WRIT_IHM_MOBJ) $(IHM_SUBS_MOBJ) #T.Shimura
929,933d914
< $(O_DIR)SdsBabanin.o            : SdsBabanin.f90
< $(O_DIR)SwanIEM.o               : SwanIEM.f90
< $(O_DIR)SwanQCM.o				: SwanQCM.f90
< $(O_DIR)fftpack51.o             : fftpack51.f90
< $(O_DIR)SwanBraggScat.o         : SwanBraggScat.f90
973d953
< $(O_DIR)SwanGradVel.o           : SwanGradVel.f90
1021d1000
<    $(shell echo 'NETCDFHOME := $(NETCDF)' >> $(FLAGSFILE))
1028c1007
< endif
\ ファイル末尾に改行がありません
---
> endif
